main: Query.hs:(244,1)-(264,80): Non-exhaustive patterns in function eval

